// Jest Snapshot v1, https://goo.gl/fbAQLP

exports[`renders correctly 1`] = `
<Image
  resizeMode="cover"
  source={
    Object {
      "testUri": "../../../assets/fast_track_taxi_logo_ferdig.png",
    }
  }
  style={
    Object {
      "height": 107,
      "width": 267,
    }
  }
/>
`;
