// Jest Snapshot v1, https://goo.gl/fbAQLP

exports[`renders correctly 1`] = `
<RCTSafeAreaView
  emulateUnlessSupported={true}
  style={
    Object {
      "flex": 1,
    }
  }
>
  <View
    style={
      Object {
        "alignItems": "center",
        "justifyContent": "center",
        "marginLeft": 10,
        "marginRight": 10,
        "marginTop": 10,
      }
    }
  >
    <RCTScrollView>
      <View>
        <Text
          style={
            Object {
              "fontSize": 40,
              "marginTop": 20,
            }
          }
        >
          Jf. tidligere lov 14. april 2000 nr. 31. â€“ Jf. EÃ˜S-avtalen vedlegg XI nr. 5e (forordning (EU) 2016/679 â€“ personvernforordningen, ogsÃ¥ omtalt som GDPR og PVF).
Kapittel 1. Personvernforordningen
Â§ 1.GjennomfÃ¸ring av personvernforordningen

EÃ˜S-avtalen vedlegg XI nr. 5e (forordning (EU) 2016/679) om vern av fysiske personer i forbindelse med behandling av personopplysninger og om fri utveksling av slike opplysninger samt om oppheving av direktiv 95/46/EF (generell personvernforordning) gjelder som lov med de tilpasningene som fÃ¸lger av vedlegg XI, protokoll 1 og avtalen for Ã¸vrig.
ğŸ”—
Kapittel 2. Lovens saklige og geografiske virkeomrÃ¥de
Â§ 2.Saklig virkeomrÃ¥de og forholdet til andre lover

Loven og personvernforordningen gjelder ved helt eller delvis automatisert behandling av personopplysninger og ved ikke-automatisert behandling av personopplysninger som inngÃ¥r i eller skal inngÃ¥ i et register. Loven og personvernforordningen gjelder ikke nÃ¥r annet er bestemt i eller med hjemmel i lov.

Loven og personvernforordningen gjelder ikke
a)	ved behandling av personopplysninger som utfÃ¸res av en fysisk person som ledd i rent personlige eller familiemessige aktiviteter
b)	for saker som behandles eller avgjÃ¸res i medhold av rettspleielovene (domstolloven, straffeprosessloven, tvisteloven og tvangsfullbyrdelsesloven mv.).

Personvernforordningen artikkel 56 og kapittel VII gjelder bare innenfor EÃ˜S-avtalens virkeomrÃ¥de.

Bestemmelsene i personvernforordningen gÃ¥r i tilfelle konflikt foran bestemmelser i annen lov som regulerer samme forhold, jf. EÃ˜S-loven Â§ 2.

Kongen kan gi forskrift om at loven eller deler av den ikke skal gjelde for bestemte institusjoner og saksomrÃ¥der.
Â§ 3.Forholdet til ytrings- og informasjonsfriheten

For behandling av personopplysninger utelukkende for journalistiske formÃ¥l eller med henblikk pÃ¥ akademiske, kunstneriske eller litterÃ¦re ytringer gjelder bare bestemmelsene i personvernforordningen artikkel 24, 26, 28, 29, 32 og 40 til 43, jf. personvernforordningen kapittel VI og VIII og kapittel 6 og 7 i loven her.
Â§ 4.Geografisk virkeomrÃ¥de

Loven og personvernforordningen gjelder for behandling av personopplysninger som utfÃ¸res i forbindelse med aktivitetene ved virksomheten til en behandlingsansvarlig eller en databehandler i Norge, uavhengig av om behandlingen finner sted i EÃ˜S eller ikke.

Loven og personvernforordningen gjelder for behandling av personopplysninger om registrerte som befinner seg i Norge, og som utfÃ¸res av en behandlingsansvarlig eller databehandler som ikke er etablert i EÃ˜S, dersom behandlingen er knyttet til
a)	tilbud av varer eller tjenester til slike registrerte i Norge, uavhengig av om det kreves betaling fra den registrerte eller ikke, eller
b)	monitorering av deres atferd, i den grad deres atferd finner sted i Norge.

Loven og personvernforordningen gjelder ogsÃ¥ for behandling av personopplysninger som utfÃ¸res av en behandlingsansvarlig som ikke er etablert i Norge, men pÃ¥ et sted der norsk rett fÃ¥r anvendelse i henhold til folkeretten.

Kongen kan i forskrift bestemme at loven og personvernforordningen helt eller delvis skal gjelde for Svalbard og Jan Mayen, og fastsette sÃ¦rlige regler om behandling av personopplysninger for disse omrÃ¥dene.
Kapittel 3. Utfyllende regler om behandling av personopplysninger
Â§ 5.Barns samtykke i forbindelse med informasjonssamfunnstjenester

Aldersgrensen er 13 Ã¥r for samtykke etter personvernforordningen artikkel 6 nr. 1 bokstav a i forbindelse med formÃ¥l som nevnt i personvernforordningen artikkel 8 nr. 1.
Â§ 6.Behandling av sÃ¦rlige kategorier av personopplysninger i arbeidsforhold

Personopplysninger som nevnt i personvernforordningen artikkel 9 nr. 1 kan behandles nÃ¥r det er nÃ¸dvendig for Ã¥ gjennomfÃ¸re arbeidsrettslige plikter eller rettigheter.
Â§ 7.Behandling av sÃ¦rlige kategorier av personopplysninger etter tillatelse eller forskrift

Datatilsynet kan i sÃ¦rlige tilfeller gi tillatelse til Ã¥ behandle personopplysninger som nevnt i personvernforordningen artikkel 9 nr. 1 dersom behandling er nÃ¸dvendig av hensyn til viktige allmenne interesser. Datatilsynet skal fastsette vilkÃ¥r for Ã¥ verne den registrertes grunnleggende rettigheter og interesser.

Kongen kan i forskrift Ã¥pne for behandling av personopplysninger som nevnt i personvernforordningen artikkel 9 nr. 1 nÃ¥r det er nÃ¸dvendig av hensyn til viktige allmenne interesser. I en slik forskrift skal det fastsettes egnede og sÃ¦rlige tiltak for Ã¥ verne den registrertes grunnleggende rettigheter og interesser.
Â§ 8.Behandling av personopplysninger for arkivformÃ¥l i allmennhetens interesse, formÃ¥l knyttet til vitenskapelig eller historisk forskning eller statistiske formÃ¥l

Personopplysninger kan behandles pÃ¥ grunnlag av personvernforordningen artikkel 6 nr. 1 bokstav e dersom det er nÃ¸dvendig for arkivformÃ¥l i allmennhetens interesse, formÃ¥l knyttet til vitenskapelig eller historisk forskning eller statistiske formÃ¥l. Behandlingen skal vÃ¦re omfattet av nÃ¸dvendige garantier i samsvar med personvernforordningen artikkel 89 nr. 1.
Â§ 9.Behandling av sÃ¦rlige kategorier av personopplysninger uten samtykke for arkivformÃ¥l i allmennhetens interesse, formÃ¥l knyttet til vitenskapelig eller historisk forskning eller statistiske formÃ¥l

Personopplysninger som nevnt i personvernforordningen artikkel 9 nr. 1 kan behandles uten samtykke fra den registrerte dersom behandlingen er nÃ¸dvendig for arkivformÃ¥l i allmennhetens interesse, formÃ¥l knyttet til vitenskapelig eller historisk forskning eller statistiske formÃ¥l og samfunnets interesse i at behandlingen finner sted, klart overstiger ulempene for den enkelte. Behandlingen skal vÃ¦re omfattet av nÃ¸dvendige garantier i samsvar med personvernforordningen artikkel 89 nr. 1.

FÃ¸r det foretas behandling pÃ¥ grunnlag av fÃ¸rste ledd, skal den behandlingsansvarlige rÃ¥dfÃ¸re seg med personvernombudet etter personvernforordningen artikkel 37 eller en annen som oppfyller vilkÃ¥rene i personvernforordningen artikkel 37 nr. 5 og 6 og artikkel 38 nr. 3 fÃ¸rste og annet punktum. Ved rÃ¥dfÃ¸ringen skal det vurderes om behandlingen vil oppfylle kravene i personvernforordningen og Ã¸vrige bestemmelser fastsatt i eller med hjemmel i loven her. RÃ¥dfÃ¸ringsplikten gjelder likevel ikke dersom det er utfÃ¸rt en vurdering av personvernkonsekvenser etter personvernforordningen artikkel 35.

Kongen kan gi forskrift om behandling av sÃ¦rlige kategorier av personopplysninger for arkivformÃ¥l i allmennhetens interesse, formÃ¥l knyttet til vitenskapelig eller historisk forskning eller statistiske formÃ¥l.
Â§ 10.RÃ¥dfÃ¸ringsplikt fÃ¸r behandling av sÃ¦rlige kategorier av personopplysninger for forskningsformÃ¥l pÃ¥ grunnlag av samtykke

RÃ¥dfÃ¸ringsplikten etter Â§ 9 annet ledd gjelder tilsvarende nÃ¥r personopplysninger som nevnt i personvernforordningen artikkel 9 nr. 1 skal behandles for vitenskapelige eller historiske forskningsformÃ¥l pÃ¥ grunnlag av den registrertes samtykke.
Â§ 11.Behandling av personopplysninger om straffedommer og lovovertredelser mv.

Personvernforordningen artikkel 9 nr. 2 bokstav a og c til f samt Â§Â§ 6, 7 og 9 i loven her gjelder tilsvarende for behandling av personopplysninger som nevnt i personvernforordningen artikkel 10 som ikke utfÃ¸res under en offentlig myndighets kontroll. Omfattende registre over straffedommer kan bare fÃ¸res under en offentlig myndighets kontroll.

RÃ¥dfÃ¸ringsplikten etter Â§ 9 annet ledd gjelder tilsvarende ogsÃ¥ nÃ¥r personopplysninger som nevnt i personvernforordningen artikkel 10 skal behandles for vitenskapelige eller historiske forskningsformÃ¥l pÃ¥ grunnlag av
a)	den registrertes samtykke, uten hensyn til om behandlingen utfÃ¸res under en offentlig myndighets kontroll eller ikke
b)	Â§ 8 i loven her, dersom behandlingen utfÃ¸res under en offentlig myndighets kontroll.
Â§ 12.Bruk av fÃ¸dselsnummer og andre entydige identifikasjonsmidler

FÃ¸dselsnummer og andre entydige identifikasjonsmidler kan bare behandles nÃ¥r det er saklig behov for sikker identifisering og metoden er nÃ¸dvendig for Ã¥ oppnÃ¥ slik identifisering.

Kongen kan gi forskrift om bruk av fÃ¸dselsnummer og andre entydige identifikasjonsmidler.
Â§ 12 a.Adgang for offentlige myndigheter til Ã¥ utlevere personopplysninger i arbeidet mot arbeidslivskriminalitet

Offentlige myndigheter kan utlevere personopplysninger til hverandre nÃ¥r det er nÃ¸dvendig for Ã¥ forebygge, avdekke, forhindre eller sanksjonere arbeidslivskriminalitet. FÃ¸rste punktum gjelder ikke personopplysninger som nevnt i personvernforordningen artikkel 9. Departementet kan i forskrift gi nÃ¦rmere regler om hvilke offentlige myndigheter som kan utveksle personopplysninger etter bestemmelsen her.

FÃ¸rste ledd gjelder ikke der noe annet er bestemt i eller i medhold av lov og gir ikke adgang til utlevering av opplysninger som er omfattet av lovbestemt taushetsplikt.
0	TilfÃ¸yd ved lov 20 des 2018 nr. 116 (ikr. 20 des 2018 iflg. res. 20 des 2018 nr. 2093).
Â§ 13.Forskrifter om overfÃ¸ring av personopplysninger til tredjestater eller internasjonale organisasjoner

Kongen kan gi forskrift om overfÃ¸ring av personopplysninger til tredjestater eller internasjonale organisasjoner.
Â§ 14.Forskrifter om forhÃ¥ndsdrÃ¸fting og forhÃ¥ndsgodkjenning

Kongen kan gi forskrift om forhÃ¥ndsdrÃ¸fting med Datatilsynet og om forhÃ¥ndsgodkjenning fra Datatilsynet.
Â§ 15.Forskrifter om gjennomfÃ¸ring av delegerte rettsakter og gjennomfÃ¸ringsrettsakter

Kongen kan gi forskrift om gjennomfÃ¸ring av delegerte rettsakter og gjennomfÃ¸ringsrettsakter.
Kapittel 4. Unntak fra den registrertes rettigheter
Â§ 16.Unntak fra retten til informasjon og innsyn og plikten til underretning om brudd pÃ¥ personopplysningssikkerheten

Retten til informasjon og innsyn etter personvernforordningen artikkel 13, 14 og 15 omfatter ikke opplysninger som
a)	er av betydning for Norges utenrikspolitiske interesser eller nasjonale forsvars- og sikkerhetsinteresser, nÃ¥r den behandlingsansvarlige kan unnta opplysningene etter offentleglova Â§Â§ 20 eller 21
b)	det er pÃ¥krevd Ã¥ hemmeligholde av hensyn til forebygging, etterforskning, avslÃ¸ring og rettslig forfÃ¸lgning av straffbare handlinger
c)	det mÃ¥ anses utilrÃ¥delig at den registrerte fÃ¥r kjennskap til av hensyn til vedkommendes helse eller forholdet til personer som stÃ¥r vedkommende nÃ¦r
d)	i lov eller med hjemmel i lov er underlagt taushetsplikt
e)	utelukkende finnes i tekst som er utarbeidet for intern saksforberedelse, og som heller ikke er utlevert til andre, sÃ¥ langt det er nÃ¸dvendig Ã¥ nekte innsyn for Ã¥ sikre forsvarlige interne avgjÃ¸relsesprosesser
f)	det vil vÃ¦re i strid med Ã¥penbare og grunnleggende private eller offentlige interesser Ã¥ informere om.

Opplysninger som nevnt i fÃ¸rste ledd bokstav c kan pÃ¥ anmodning likevel gjÃ¸res kjent for en representant for den registrerte nÃ¥r ikke sÃ¦rlige grunner taler mot det.

Den som nekter Ã¥ gi innsyn i medhold av fÃ¸rste ledd, mÃ¥ begrunne dette skriftlig og gi en presis henvisning til unntakshjemmelen. Dersom innsyn nektes pÃ¥ grunnlag av fÃ¸rste ledd bokstav f, skal det ogsÃ¥ angis hvilke hensyn som begrunner hemmelighold.

Plikten til Ã¥ underrette den registrerte om brudd pÃ¥ personopplysningssikkerheten etter personvernforordningen artikkel 34 gjelder ikke i den utstrekning en slik underretning vil rÃ¸pe opplysninger som nevnt i fÃ¸rste ledd bokstav a, b og d.

Kongen kan gi forskrift om unntak fra og nÃ¦rmere vilkÃ¥r for informasjons- og innsynsrett og underretning om brudd pÃ¥ personopplysningssikkerheten.
Â§ 17.Unntak fra den registrertes rettigheter ved behandling av personopplysninger for arkivformÃ¥l i allmennhetens interesse, vitenskapelige eller historiske forskningsformÃ¥l og statistiske formÃ¥l

Retten til innsyn etter personvernforordningen artikkel 15 gjelder ikke for behandling av personopplysninger for arkivformÃ¥l i allmennhetens interesse, formÃ¥l knyttet til vitenskapelig eller historisk forskning eller statistiske formÃ¥l i samsvar med personvernforordningen artikkel 89 nr. 1 sÃ¥ langt
a)	det vil kreve en uforholdsmessig stor innsats Ã¥ gi innsyn eller
b)	innsynsrett sannsynligvis vil gjÃ¸re det umulig eller i alvorlig grad hindre at mÃ¥lene med behandlingen nÃ¥s.

Retten til retting og begrensning av behandling etter personvernforordningen artikkel 16 og 18 gjelder ikke for behandling for arkivformÃ¥l i allmennhetens interesse, formÃ¥l knyttet til vitenskapelig eller historisk forskning eller statistiske formÃ¥l i samsvar med personvernforordningen artikkel 89 nr. 1 sÃ¥ langt rettighetene sannsynligvis vil gjÃ¸re det umulig eller i alvorlig grad hindre at mÃ¥lene med behandlingen nÃ¥s.

FÃ¸rste og annet ledd gjelder ikke dersom behandlingen fÃ¥r rettsvirkninger eller direkte faktiske virkninger for den registrerte.
Kapittel 5. Personvernombud
Â§ 18.Personvernombudets taushetsplikt

Personvernombud plikter Ã¥ hindre at andre fÃ¥r adgang eller kjennskap til det de i forbindelse med utfÃ¸relsen av sine oppgaver fÃ¥r vite om
a)	noens personlige forhold
b)	tekniske innretninger, produksjonsmetoder, forretningsmessige analyser og beregninger og forretningshemmeligheter ellers nÃ¥r opplysningene er av en slik art at andre kan utnytte dem i sin egen nÃ¦ringsvirksomhet
c)	sikkerhetstiltak etter personvernforordningen artikkel 32
d)	enkeltpersoners varsling om overtredelser av loven her.

Taushetsplikten gjelder ikke dersom personvernombudet fÃ¥r samtykke fra den opplysningene gjelder, til Ã¥ legge dem frem, eller dette er nÃ¸dvendig for gjennomfÃ¸ring av personvernombudets lovpÃ¥lagte oppgaver.

Taushetsplikten gjelder ogsÃ¥ etter at personvernombudet har avsluttet tjenesten eller arbeidet. Opplysninger som nevnt i denne paragraf kan heller ikke utnyttes i egen virksomhet eller i tjeneste eller arbeid for andre.
Â§ 19.Forskrifter om plikt til Ã¥ utpeke personvernombud

Kongen kan gi forskrift om plikt til Ã¥ utpeke personvernombud.
Kapittel 6. Tilsyn og klage
Â§ 20.Datatilsynet

Datatilsynet er tilsynsmyndighet etter personvernforordningen artikkel 51 og er et uavhengig forvaltningsorgan administrativt underordnet Kongen og departementet. Datatilsynet kan ikke instrueres om behandlingen av enkeltsaker eller om den faglige virksomheten for Ã¸vrig. Kongen og departementet kan ikke omgjÃ¸re Datatilsynets vedtak.

Datatilsynet ledes av en direktÃ¸r som utnevnes av Kongen. Kongen kan gi forskrift om at direktÃ¸ren for Datatilsynet skal ansettes pÃ¥ Ã¥remÃ¥l, om lengden pÃ¥ Ã¥remÃ¥let og om adgangen til gjenutnevnelse.

Datatilsynets myndighet etter personvernforordningen artikkel 58 gjelder tilsvarende for tilsyn med overholdelsen av
a)	bestemmelser i loven her og i forskrifter gitt med hjemmel i loven her
b)	bestemmelser om behandling av personopplysninger i andre lover og forskrifter, sÃ¥ langt behandlingen faller innenfor lovens og personvernforordningens virkeomrÃ¥de etter Â§ 2.

Kongen kan gi forskrift om dekning av Datatilsynets kostnader ved kontroll.
Â§ 21.Ã…rsrapport fra Datatilsynet

Datatilsynet skal sende sin Ã¥rlige rapport etter personvernforordningen artikkel 59 til Kongen, som legger rapporten frem for Stortinget.
Â§ 22.Personvernnemnda

Personvernnemnda er et uavhengig forvaltningsorgan administrativt underordnet Kongen og departementet. Nemnda kan ikke instrueres om behandlingen av enkeltsaker eller om den faglige virksomheten for Ã¸vrig. Kongen og departementet kan ikke omgjÃ¸re nemndas vedtak.

Personvernnemnda avgjÃ¸r klager over Datatilsynets vedtak med mindre noe annet er sÃ¦rskilt fastsatt. Datatilsynets vedtak etter personvernforordningen artikkel 56 og kapittel VII kan ikke pÃ¥klages til Personvernnemnda.

Personvernnemnda har syv medlemmer med personlige varamedlemmer. Medlemmene og varamedlemmene utnevnes av Kongen for fire Ã¥r, med adgang til gjenutnevning for ytterligere fire Ã¥r. Det skal vÃ¦re en leder og nestleder, som begge skal ha juridisk embetseksamen eller mastergrad i rettsvitenskap.

Personvernnemnda kan bestemme at klager som mÃ¥ avgjÃ¸res raskt, skal kunne avgjÃ¸res av lederen eller nestlederen sammen med to andre nemndsmedlemmer.

Personvernnemnda skal Ã¥rlig orientere Kongen om sin virksomhet.

Kongen kan gi forskrift om Personvernnemndas organisering og saksbehandling.
Â§ 23.Tilgang til opplysninger

Datatilsynet skal utÃ¸ve sin undersÃ¸kelsesmyndighet etter personvernforordningen artikkel 58 nr. 1 uten hinder av taushetsplikt.

Personvernnemnda kan utÃ¸ve myndighet etter personvernforordningen artikkel 58 nr. 1 bokstav a. Dette skal skje uten hinder av taushetsplikt.

Behandling av personopplysninger som er nÃ¸dvendig av hensynet til rikets eller alliertes sikkerhet, forholdet til fremmede makter eller andre vitale nasjonale sikkerhetsinteresser, er unntatt fra personvernforordningen artikkel 58 nr. 1. Ved uenighet mellom den behandlingsansvarlige og Datatilsynet om utstrekningen av fÃ¸rste punktum avgjÃ¸res spÃ¸rsmÃ¥let av Personvernnemnda.
Â§ 24.Taushetsplikt

Bestemmelsene om taushetsplikt i forvaltningsloven Â§ 13 flg. gjelder for ansatte i Datatilsynet, medlemmene i Personvernnemnda og alle andre som utfÃ¸rer tjeneste eller arbeid for Datatilsynet eller Personvernnemnda. Taushetsplikten omfatter ogsÃ¥ opplysninger om sikkerhetstiltak etter personvernforordningen artikkel 32 og enkeltpersoners varsling om overtredelser av loven her.

Datatilsynet kan uten hinder av taushetsplikten etter fÃ¸rste ledd gi opplysninger til utenlandske tilsynsmyndigheter nÃ¥r det er nÃ¸dvendig for at en tilsynsmyndighet som omfattes av forordningen, skal kunne treffe vedtak som et ledd i tilsynsvirksomheten.
Â§ 25.Partsstilling

Datatilsynet opptrer som part pÃ¥ vegne av staten i sÃ¸ksmÃ¥l som er knyttet til tilsynsvirksomheten.

SÃ¸ksmÃ¥l om gyldigheten av Personvernnemndas vedtak rettes mot staten ved Personvernnemnda.
Kapittel 7. Sanksjoner og tvangsmulkt
Â§ 26.Overtredelsesgebyr

Personvernforordningen artikkel 83 nr. 4 gjelder tilsvarende for overtredelser av personvernforordningen artikkel 10 og artikkel 24.

Datatilsynet kan ilegge offentlige myndigheter og organer overtredelsesgebyr etter reglene i personvernforordningen artikkel 83, jf. artikkel 83 nr. 7.
Â§ 27.Oppfyllelsesfrist og domstolsprÃ¸ving i saker om overtredelsesgebyr

Oppfyllelsesfristen for et vedtak om overtredelsesgebyr er fire uker fra vedtaket er endelig.

Retten kan prÃ¸ve alle sider av saker om overtredelsesgebyr. Retten kan avsi dom for realiteten i saken dersom den finner det hensiktsmessig og forsvarlig.
Â§ 28.Foreldelse

Adgangen til Ã¥ ilegge overtredelsesgebyr foreldes fem Ã¥r etter overtredelsen er opphÃ¸rt. Fristen avbrytes ved at Datatilsynet gir forhÃ¥ndsvarsel om eller fatter vedtak om overtredelsesgebyr.
Â§ 29.Tvangsmulkt

Ved pÃ¥legg etter loven her kan Datatilsynet fastsette en tvangsmulkt som lÃ¸per for hver dag som gÃ¥r etter utlÃ¸pet av den fristen som er satt for oppfyllelse av pÃ¥legget, inntil pÃ¥legget er oppfylt.

Kongen kan i forskrift gi nÃ¦rmere bestemmelser om tvangsmulkt, blant annet om tvangsmulktens stÃ¸rrelse og varighet, fastsettelse av tvangsmulkt og frafall av pÃ¥lÃ¸pt tvangsmulkt.
Â§ 30.Erstatning for ikke-Ã¸konomisk skade

Den som er erstatningsansvarlig etter reglene i personvernforordningen artikkel 82, kan ogsÃ¥ pÃ¥legges Ã¥ betale slik erstatning for skade av ikke-Ã¸konomisk art (oppreisning) som synes rimelig.
Kapittel 8. Uekte kameraovervÃ¥kingsutstyr mv.
Â§ 31.Uekte kameraovervÃ¥kingsutstyr mv.

NÃ¥r kameraovervÃ¥king vil vÃ¦re i strid med personvernforordningen eller loven her, er det heller ikke tillatt Ã¥ benytte uekte kameraovervÃ¥kingsutstyr eller ved skilting, oppslag eller lignende gi inntrykk av at kameraovervÃ¥king finner sted. Personvernforordningen kapittel VI og artikkel 83 nr. 4 samt kapittel 6, Â§ 26 annet ledd og Â§Â§ 27 til 29 i loven her gjelder tilsvarende.

Med kameraovervÃ¥king menes vedvarende eller regelmessig gjentatt personovervÃ¥king ved hjelp av fjernbetjent eller automatisk virkende overvÃ¥kingskamera eller annet lignende utstyr som er fastmontert. Med uekte kameraovervÃ¥kingsutstyr menes utstyr som lett kan forveksles med en ekte kameralÃ¸sning.
Kapittel 9. Ikrafttredelse. Overgangsregler. Endringer i andre lover
Â§ 32.Ikrafttredelse

Loven trer i kraft fra den tidenâ€‹1 Kongen bestemmer. Fra samme tidspunkt oppheves lov 14. april 2000 nr. 31 om behandling av personopplysninger.

De ulike bestemmelsene kan settes i kraft og oppheves til ulik tid.
1	Fra 20 juli 2018 iflg. meddelelse 17 juli 2018 nr. 1195, jf. res. 15 juni 2018 nr. 875.
Â§ 33.Overgangsregler

Reglene om behandling av personopplysninger som gjaldt pÃ¥ handlingstidspunktet, skal legges til grunn nÃ¥r det treffes vedtak om overtredelsesgebyr. Lovgivningen pÃ¥ tidspunktet for avgjÃ¸relsen skal likevel anvendes nÃ¥r dette fÃ¸rer til et gunstigere resultat for den ansvarlige.

Kongen kan gi nÃ¦rmere overgangsregler.
        </Text>
      </View>
    </RCTScrollView>
  </View>
</RCTSafeAreaView>
`;
