// Jest Snapshot v1, https://goo.gl/fbAQLP

exports[`renders correctly 1`] = `
<RCTSafeAreaView
  emulateUnlessSupported={true}
  style={
    Object {
      "flex": 1,
    }
  }
>
  <View
    style={
      Object {
        "alignItems": "center",
        "flex": 1,
        "justifyContent": "space-between",
        "padding": 10,
      }
    }
  >
    <View
      style={
        Object {
          "flex": 0.2,
          "justifyContent": "center",
          "padding": 10,
        }
      }
    >
      <Text
        style={
          Object {
            "flex": 1,
            "fontSize": 73,
            "textAlign": "center",
          }
        }
      >
        Er oppdraget utført?
      </Text>
    </View>
    <View
      style={
        Object {
          "alignItems": "center",
          "flex": 0.5,
          "justifyContent": "flex-start",
        }
      }
    >
      <View
        accessible={true}
        focusable={true}
        isTVSelectable={true}
        onClick={[Function]}
        onResponderGrant={[Function]}
        onResponderMove={[Function]}
        onResponderRelease={[Function]}
        onResponderTerminate={[Function]}
        onResponderTerminationRequest={[Function]}
        onStartShouldSetResponder={[Function]}
        style={
          Object {
            "backgroundColor": "darkseagreen",
            "borderRadius": 15,
            "flex": 0.4,
            "justifyContent": "center",
            "opacity": 1,
            "paddingHorizontal": 20,
          }
        }
      >
        <Text
          style={
            Object {
              "fontSize": 67,
              "textAlign": "center",
            }
          }
        >
          Oppdraget utført
        </Text>
      </View>
    </View>
    <View
      style={
        Object {
          "alignItems": "center",
          "flex": 0.2,
          "justifyContent": "flex-end",
          "padding": 10,
        }
      }
    >
      <View
        accessible={true}
        focusable={false}
        isTVSelectable={true}
        onClick={[Function]}
        onResponderGrant={[Function]}
        onResponderMove={[Function]}
        onResponderRelease={[Function]}
        onResponderTerminate={[Function]}
        onResponderTerminationRequest={[Function]}
        onStartShouldSetResponder={[Function]}
        style={
          Object {
            "backgroundColor": "firebrick",
            "borderRadius": 15,
            "flex": 0.3,
            "justifyContent": "flex-end",
            "opacity": 1,
            "padding": 10,
          }
        }
      >
        <Text
          onPress={[Function]}
          style={
            Object {
              "fontSize": 40,
              "textAlign": "center",
            }
          }
        >
          Turen ble kansellert
        </Text>
      </View>
    </View>
  </View>
</RCTSafeAreaView>
`;
